#-----------------------------------------------------------
# Vivado v2015.3 (64-bit)
# SW Build 1368829 on Mon Sep 28 20:06:43 MDT 2015
# IP Build 1367837 on Mon Sep 28 08:56:14 MDT 2015
# Start of session at: Mon Dec 18 11:14:22 2017
# Process ID: 95324
# Current directory: E:/code/CPU_multi_cycle/CPU_multi_cycle
# Command line: vivado.exe -gui_launcher_event rodinguilauncherevent94440 E:\code\CPU_multi_cycle\CPU_multi_cycle\CPU_multi_cycle.xpr
# Log file: E:/code/CPU_multi_cycle/CPU_multi_cycle/vivado.log
# Journal file: E:/code/CPU_multi_cycle/CPU_multi_cycle\vivado.jou
#-----------------------------------------------------------
start_gui
open_project E:/code/CPU_multi_cycle/CPU_multi_cycle/CPU_multi_cycle.xpr
reset_run synth_1
launch_runs impl_1 -to_step write_bitstream
wait_on_run impl_1
open_hw
connect_hw_server
open_hw_target
set_property PROGRAM.FILE {E:/code/CPU_multi_cycle/CPU_multi_cycle/CPU_multi_cycle.runs/impl_1/top.bit} [lindex [get_hw_devices] 0]
current_hw_device [lindex [get_hw_devices] 0]
refresh_hw_device -update_hw_probes false [lindex [get_hw_devices] 0]
set_property PROBES.FILE {} [lindex [get_hw_devices] 0]
set_property PROGRAM.FILE {E:/code/CPU_multi_cycle/CPU_multi_cycle/CPU_multi_cycle.runs/impl_1/top.bit} [lindex [get_hw_devices] 0]
program_hw_devices [lindex [get_hw_devices] 0]
refresh_hw_device [lindex [get_hw_devices] 0]
open_run impl_1
reset_run synth_1
launch_runs synth_1
wait_on_run synth_1
open_run synth_1 -name synth_1
launch_runs impl_1
wait_on_run impl_1
launch_runs impl_1 -to_step write_bitstream
wait_on_run impl_1
set_property PROBES.FILE {} [lindex [get_hw_devices] 0]
set_property PROGRAM.FILE {E:/code/CPU_multi_cycle/CPU_multi_cycle/CPU_multi_cycle.runs/impl_1/top.bit} [lindex [get_hw_devices] 0]
program_hw_devices [lindex [get_hw_devices] 0]
refresh_hw_device [lindex [get_hw_devices] 0]
reset_run synth_1
launch_runs impl_1 -to_step write_bitstream
wait_on_run impl_1
set_property PROBES.FILE {} [lindex [get_hw_devices] 0]
set_property PROGRAM.FILE {E:/code/CPU_multi_cycle/CPU_multi_cycle/CPU_multi_cycle.runs/impl_1/top.bit} [lindex [get_hw_devices] 0]
program_hw_devices [lindex [get_hw_devices] 0]
refresh_hw_device [lindex [get_hw_devices] 0]
launch_simulation
open_wave_config E:/code/CPU_multi_cycle/CPU_multi_cycle/Control_unit_tb_behav.wcfg
source CPU_single_cycle_tb.tcl
close_sim
