#-----------------------------------------------------------
# Vivado v2015.3 (64-bit)
# SW Build 1368829 on Mon Sep 28 20:06:43 MDT 2015
# IP Build 1367837 on Mon Sep 28 08:56:14 MDT 2015
# Start of session at: Mon Dec 18 13:27:02 2017
# Process ID: 3392
# Current directory: E:/code/CPU_multi_cycle/CPU_multi_cycle
# Command line: vivado.exe -gui_launcher_event rodinguilauncherevent3532 E:\code\CPU_multi_cycle\CPU_multi_cycle\CPU_multi_cycle.xpr
# Log file: E:/code/CPU_multi_cycle/CPU_multi_cycle/vivado.log
# Journal file: E:/code/CPU_multi_cycle/CPU_multi_cycle\vivado.jou
#-----------------------------------------------------------
start_gui
open_project E:/code/CPU_multi_cycle/CPU_multi_cycle/CPU_multi_cycle.xpr
launch_simulation
open_wave_config E:/code/CPU_multi_cycle/CPU_multi_cycle/Control_unit_tb_behav.wcfg
source CPU_single_cycle_tb.tcl
add_wave {{/CPU_single_cycle_tb/My_CPU}} 
remove_forces { {/CPU_single_cycle_tb/My_CPU/MY_Data_Memory/ram[0]} {/CPU_single_cycle_tb/My_CPU/MY_Data_Memory/ram[1]} {/CPU_single_cycle_tb/My_CPU/MY_Data_Memory/ram[2]} {/CPU_single_cycle_tb/My_CPU/MY_Data_Memory/ram[3]} {/CPU_single_cycle_tb/My_CPU/MY_Data_Memory/ram[4]} {/CPU_single_cycle_tb/My_CPU/MY_Data_Memory/ram[5]} {/CPU_single_cycle_tb/My_CPU/MY_Data_Memory/ram[6]} {/CPU_single_cycle_tb/My_CPU/MY_Data_Memory/ram[7]} {/CPU_single_cycle_tb/My_CPU/MY_Data_Memory/ram[8]} {/CPU_single_cycle_tb/My_CPU/MY_Data_Memory/ram[9]} {/CPU_single_cycle_tb/My_CPU/MY_Data_Memory/ram[10]} {/CPU_single_cycle_tb/My_CPU/MY_Data_Memory/ram[11]} }
save_wave_config {E:/code/CPU_multi_cycle/CPU_multi_cycle/Control_unit_tb_behav.wcfg}
close_sim
